// Vitest Snapshot v1, https://vitest.dev/guide/snapshot.html

exports[`cleanTitle — real library corpus > matches a recorded verdict for every default-on album hit 1`] = `
[
  ""Heroes" (2017 remaster)  ->  "Heroes"",
  "(I'm) Stranded [2004 Remaster]  ->  (I'm) Stranded",
  "1984 (Remastered)  ->  1984",
  "90125 (Deluxe Version)  ->  90125",
  "A Certain Smile, A Certain Sadness (Expanded Edition)  ->  A Certain Smile, A Certain Sadness",
  "A Hard Day's Night (Remastered)  ->  A Hard Day's Night",
  "Abbey Road (Super Deluxe Edition)  ->  Abbey Road",
  "Afrique Victime (Deluxe Edition)  ->  Afrique Victime",
  "After The Gold Rush (2009 Remaster)  ->  After The Gold Rush",
  "All Things Must Pass (2014 Remaster)  ->  All Things Must Pass",
  "Alright, Still (Bonus Track Version)  ->  Alright, Still",
  "Alura (Expanded Edition)  ->  Alura",
  "American Woman (Expanded Edition)  ->  American Woman",
  "ANTI (Deluxe)  ->  ANTI",
  "Archives : Moments in Time (Remastered)  ->  Archives : Moments in Time",
  "Arthur or the Decline and Fall of the British Empire (2019 Remaster)  ->  Arthur or the Decline and Fall of the British Empire",
  "Astral Weeks (Expanded Edition)  ->  Astral Weeks",
  "Azymuth (Deluxe Edition)  ->  Azymuth",
  "Bad Company (Deluxe)  ->  Bad Company",
  "Bad Girls (Deluxe Edition)  ->  Bad Girls",
  "Bad Reputation (Expanded Edition)  ->  Bad Reputation",
  "Bangers Vs. Fuckers (Remastered)  ->  Bangers Vs. Fuckers",
  "Bangerz (Deluxe Version)  ->  Bangerz",
  "Beat Down Babylon (Expanded Version)  ->  Beat Down Babylon",
  "Bella Donna (2016 Remastered)  ->  Bella Donna",
  "Best Before 1984 (remastered)  ->  Best Before 1984",
  "Bleach (Deluxe Edition)  ->  Bleach",
  "Blood Sugar Sex Magik (Deluxe Edition)  ->  Blood Sugar Sex Magik",
  "Blues for Allah (2013 Remaster)  ->  Blues for Allah",
  "Blur (Special Edition)  ->  Blur",
  "Bodily Functions (Special Edition)  ->  Bodily Functions",
  "Born This Way (Special Edition)  ->  Born This Way",
  "Breezin' (Expanded)  ->  Breezin'",
  "Brotherhood (Collector's Edition)  ->  Brotherhood",
  "By the Way (Deluxe Edition)  ->  By the Way",
  "C'era una volta il west (Original Motion Picture Soundtrack) [Remastered]  ->  C'era una volta il west (Original Motion Picture Soundtrack)",
  "Californication (Deluxe Edition)  ->  Californication",
  "Caribou (Remastered 1995)  ->  Caribou",
  "Carl & The Passions - So Tough (Remastered)  ->  Carl & The Passions - So Tough",
  "Cave World (Deluxe)  ->  Cave World",
  "Ceres & Calypso in the Deep Time - 10th Anniversary  ->  Ceres & Calypso in the Deep Time",
  "Chairs Missing (2006 Remastered Version)  ->  Chairs Missing",
  "Christina Aguilera (Expanded Edition)  ->  Christina Aguilera",
  "Christmas Portrait (Special Edition/Reissue)  ->  Christmas Portrait",
  "Come Away With Me (Super Deluxe Edition)  ->  Come Away With Me",
  "Coming Home (Deluxe)  ->  Coming Home",
  "Computer World (2009 Remaster)  ->  Computer World",
  "Core (Super Deluxe Edition)  ->  Core",
  "Cosmic Thing (30th Anniversary Expanded Edition)  ->  Cosmic Thing",
  "Cosmo's Factory (Expanded Edition)  ->  Cosmo's Factory",
  "CRASH (Deluxe)  ->  CRASH",
  "Cut (Deluxe Edition)  ->  Cut",
  "Cuz I Love You (Super Deluxe)  ->  Cuz I Love You",
  "Damned Damned Damned (Bonus Tracks Version)  ->  Damned Damned Damned",
  "Darklands (Expanded Version)  ->  Darklands",
  "Daydream Nation (Remastered Original Album)  ->  Daydream Nation",
  "Diamond Dogs (2016 Remaster)  ->  Diamond Dogs",
  "Different Light (Expanded Edition)  ->  Different Light",
  "Disintegration (Deluxe Edition)  ->  Disintegration",
  "Disraeli Gears (Deluxe Edition)  ->  Disraeli Gears",
  "Dots and Loops (Expanded Edition)  ->  Dots and Loops",
  "Drill a Hole In That Substrate and Tell Me What You See (Deluxe Version)  ->  Drill a Hole In That Substrate and Tell Me What You See",
  "DS2 (Deluxe)  ->  DS2",
  "Dubnobasswithmyheadman (Deluxe / 20th Anniversary Edition)  ->  Dubnobasswithmyheadman",
  "Eagles (2013 Remaster)  ->  Eagles",
  "Eat A Peach (Deluxe Edition)  ->  Eat A Peach",
  "Electra Heart (Deluxe)  ->  Electra Heart",
  "Electric Warrior [Expanded & Remastered]  ->  Electric Warrior",
  "Ella Wishes You a Swinging Christmas (Expanded Edition)  ->  Ella Wishes You a Swinging Christmas",
  "Emergency Third Rail Power Trip (2023 Remaster)  ->  Emergency Third Rail Power Trip",
  "Emergency Ward (Expanded Edition)  ->  Emergency Ward",
  "Emilio Santiago (1975 Remastered Version)  ->  Emilio Santiago",
  "End of the Century (Expanded 2005 Remaster)  ->  End of the Century",
  "Enter The Wu-Tang (36 Chambers) [Expanded Edition]  ->  Enter The Wu-Tang (36 Chambers)",
  "Epiphany (Expanded Edition)  ->  Epiphany",
  "Everybody Loves The Sunshine (Reissue)  ->  Everybody Loves The Sunshine",
  "F.A.M.E. (Expanded Edition)  ->  F.A.M.E.",
  "Fandango! (Expanded 2006 Remaster)  ->  Fandango!",
  "Fantasma (Remastered)  ->  Fantasma",
  "Faust IV (Deluxe Edition)  ->  Faust IV",
  "Fear Of Music (Deluxe Version)  ->  Fear Of Music",
  "Feed Me Weird Things (Remastered)  ->  Feed Me Weird Things",
  "Femme Fatale (Deluxe Version)  ->  Femme Fatale",
  "Fetty Wap (Deluxe)  ->  Fetty Wap",
  "Fiesta de negritos (Remastered)  ->  Fiesta de negritos",
  "Fire of Love (Remastered 2020)  ->  Fire of Love",
  "Flow Motion (Remastered)  ->  Flow Motion",
  "Forever Changes (2015 Remaster)  ->  Forever Changes",
  "Fragile (Super Deluxe)  ->  Fragile",
  "Freedom of Choice (2009 Remaster; Deluxe Edition)  ->  Freedom of Choice",
  "Friends (Remastered)  ->  Friends",
  "Frizzle Fry (Remastered)  ->  Frizzle Fry",
  "FRKWYS Vol. 13 - Sunergy (Expanded)  ->  FRKWYS Vol. 13 - Sunergy",
  "From Left To Right (Expanded Edition)  ->  From Left To Right",
  "Fush Yu Mang (20th Anniversary Edition)  ->  Fush Yu Mang",
  "Future Blues (Expanded Edition)  ->  Future Blues",
  "Garbage (20th Anniversary Deluxe Edition/Remastered)  ->  Garbage",
  "Generation X (2002 Remaster)  ->  Generation X",
  "Get Close (Expanded & Remastered)  ->  Get Close",
  "Get to Heaven (Deluxe)  ->  Get to Heaven",
  "Get Weird (Expanded Edition)  ->  Get Weird",
  "Ghost In The Machine (Remastered 2003)  ->  Ghost In The Machine",
  "Ginger (Remastered 2021)  ->  Ginger",
  "Gloss Drop (Bonus Track Version)  ->  Gloss Drop",
  "Goat (Remaster / Reissue)  ->  Goat",
  "God Ween Satan: The Oneness (Anniversary Edition)  ->  God Ween Satan: The Oneness",
  "Goodbye Yellow Brick Road (Remastered)  ->  Goodbye Yellow Brick Road",
  "Gorilla (2019 Remaster)  ->  Gorilla",
  "Got No Bread, No Milk, No Money, But We Sure Got a Lot of Love (30th Anniversary Edition)  ->  Got No Bread, No Milk, No Money, But We Sure Got a Lot of Love",
  "Graceland (25th Anniversary Deluxe Edition)  ->  Graceland",
  "Green River (40th Anniversary Edition)  ->  Green River",
  "Green River (Expanded Edition)  ->  Green River",
  "Green River (Remastered 1985)  ->  Green River",
  "Grotesque (After The Gramme) [Expanded Edition]  ->  Grotesque (After The Gramme)",
  "Guitar Graffiti (Expanded Edition)  ->  Guitar Graffiti",
  "Halica: Bliss Out, Vol. 11 (Expanded Edition)  ->  Halica: Bliss Out, Vol. 11",
  "Happy Prisoner: The Bluegrass Sessions (Deluxe Edition)  ->  Happy Prisoner: The Bluegrass Sessions",
  "Heartbeat City (Expanded Edition)  ->  Heartbeat City",
  "Hello, I Must Be Going! (Deluxe Edition)  ->  Hello, I Must Be Going!",
  "Help! (Remastered)  ->  Help!",
  "Hex Enduction Hour (Expanded Deluxe Edition)  ->  Hex Enduction Hour",
  "Home Plate (2008 Remaster)  ->  Home Plate",
  "Homework (25th Anniversary Edition)  ->  Homework",
  "Houses of the Holy (Deluxe Edition)  ->  Houses of the Holy",
  "Houses Of The Holy (Remaster)  ->  Houses Of The Holy",
  "Hozier (Expanded Edition)  ->  Hozier",
  "Hunky Dory (2015 Remaster)  ->  Hunky Dory",
  "I Just Can’t Stop It (2012 Remaster)  ->  I Just Can’t Stop It",
  "I Should Coco (20th Anniversary Collector's Edition)  ->  I Should Coco",
  "I Want You (Deluxe Edition)  ->  I Want You",
  "If I Should Fall from Grace with God (Expanded Edition)  ->  If I Should Fall from Grace with God",
  "Imagination (Expanded Edition)  ->  Imagination",
  "In the Court of the Crimson King (Expanded Edition)  ->  In the Court of the Crimson King",
  "In Utero (30th Anniversary Super Deluxe)  ->  In Utero",
  "In Utero (Deluxe Edition)  ->  In Utero",
  "Inside (Deluxe)  ->  Inside",
  "It Takes A Nation Of Millions To Hold Us Back (Deluxe Edition)  ->  It Takes A Nation Of Millions To Hold Us Back",
  "It's Not Me, It's You (Special Edition)  ->  It's Not Me, It's You",
  "Jackson C. Frank (2001 Remastered Version)  ->  Jackson C. Frank",
  "Jersey Beat: The Music of Frankie Valli & The Four Seasons (Remastered)  ->  Jersey Beat: The Music of Frankie Valli & The Four Seasons",
  "Juno (Deluxe)  ->  Juno",
  "K.I.D.S. (Deluxe)  ->  K.I.D.S.",
  "Kinks (Deluxe Edition)  ->  Kinks",
  "L.A. (Light Album) [Remastered]  ->  L.A. (Light Album)",
  "Leave Home (40th Anniversary Deluxe Edition)  ->  Leave Home",
  "Led Zeppelin (Remaster)  ->  Led Zeppelin",
  "Led Zeppelin III (Remaster)  ->  Led Zeppelin III",
  "Led Zeppelin IV (Remaster)  ->  Led Zeppelin IV",
  "Let It Be (Expanded)  ->  Let It Be",
  "Let Love In (2011 Remaster)  ->  Let Love In",
  "Little River Band (Remastered 2022)  ->  Little River Band",
  "Living In Darkness (30th Anniversary Edition)  ->  Living In Darkness",
  "Loaded (2015 Remaster)  ->  Loaded",
  "London Calling (Remastered)  ->  London Calling",
  "London Town (Expanded Edition)  ->  London Town",
  "LONG.LIVE.A$AP (Deluxe Version)  ->  LONG.LIVE.A$AP",
  "Loudboxer (Remastered 2021)  ->  Loudboxer",
  "Love. Angel. Music. Baby. (Deluxe Version)  ->  Love. Angel. Music. Baby.",
  "Low (2017 remaster)  ->  Low",
  "M!ssundaztood (Expanded Edition)  ->  M!ssundaztood",
  "M.I.U. Album (Remastered)  ->  M.I.U. Album",
  "Made in the A.M. (Deluxe Edition)  ->  Made in the A.M.",
  "Magnolia Electric Co. (Deluxe Edition)  ->  Magnolia Electric Co.",
  "Man On The Moon: The End Of Day (Deluxe)  ->  Man On The Moon: The End Of Day",
  "Masterpiece (2023 Remaster)  ->  Masterpiece",
  "McCartney (Special Edition)  ->  McCartney",
  "Meddle (2011 Remastered Version)  ->  Meddle",
  "Mellon Collie and the Infinite Sadness (Deluxe Edition)  ->  Mellon Collie and the Infinite Sadness",
  "Miami (Remastered 2020)  ->  Miami",
  "Mirage (Deluxe Edition)  ->  Mirage",
  "Moanin' (Expanded Edition)  ->  Moanin'",
  "Moondance (Deluxe Edition)  ->  Moondance",
  "More of the Monkees (Deluxe Edition)  ->  More of the Monkees",
  "More Songs About Buildings And Food (Deluxe Version)  ->  More Songs About Buildings And Food",
  "More Than Just a Dream (Deluxe Edition)  ->  More Than Just a Dream",
  "Mother Juno (Deluxe Remastered 2023)  ->  Mother Juno",
  "Music For The Masses (2006 Remaster)  ->  Music For The Masses",
  "My Generation (50th Anniversary / Super Deluxe)  ->  My Generation",
  "Nina Simone Sings The Blues (Expanded Edition)  ->  Nina Simone Sings The Blues",
  "Ninety (Remastered 2008)  ->  Ninety",
  "NO HANDS (Deluxe Edition)  ->  NO HANDS",
  "Oasis (Remastered 2024)  ->  Oasis",
  "Ogdens' Nut Gone Flake - 50th Anniversary Edition (2018 Remaster)  ->  Ogdens' Nut Gone Flake",
  "Once Upon a Time (Super Deluxe)  ->  Once Upon a Time",
  "One Foot In The Grave (Expanded Edition)  ->  One Foot In The Grave",
  "One of These Nights (2013 Remaster)  ->  One of These Nights",
  "Operation Ivy (2007 Remaster)  ->  Operation Ivy",
  "Our Music Is Red - With Purple Flashes (Deluxe)  ->  Our Music Is Red - With Purple Flashes",
  "Outlandos D'Amour (Remastered 2003)  ->  Outlandos D'Amour",
  "Paranoid (Remaster)  ->  Paranoid",
  "Paris 1919 (Deluxe Edition)  ->  Paris 1919",
  "Parklife (Special Edition)  ->  Parklife",
  "Peace (2018 Remastered)  ->  Peace",
  "Pendulum (Expanded Edition)  ->  Pendulum",
  "Perverted By Language (Expanded Edition)  ->  Perverted By Language",
  "Peter Gabriel 3: Melt (Remastered)  ->  Peter Gabriel 3: Melt",
  "Physical Graffiti (Deluxe Edition)  ->  Physical Graffiti",
  "Physical Graffiti (Remaster)  ->  Physical Graffiti",
  "Piano Man (Legacy Edition)  ->  Piano Man",
  "Pieces Of The Sky (Expanded & Remastered)  ->  Pieces Of The Sky",
  "Piñata (Deluxe Edition)  ->  Piñata",
  "Pink Flag (2006 Remastered Version)  ->  Pink Flag",
  "Pleasant Dreams (Expanded 2005 Remaster)  ->  Pleasant Dreams",
  "Please Come Home for Christmas / Funky New Year (2013 Remaster)  ->  Please Come Home for Christmas / Funky New Year",
  "Please Please Me (Remastered)  ->  Please Please Me",
  "Please: Further Listening 1984 - 1986 (2018 Remaster)  ->  Please: Further Listening 1984 - 1986",
  "Pocket Full Of Kryptonite (Anniversary Edition)  ->  Pocket Full Of Kryptonite",
  "Porcupine (Expanded; 2004 Remaster)  ->  Porcupine",
  "Portal 2: Songs to Test By (Collectors Edition)  ->  Portal 2: Songs to Test By",
  "Preparati la bara ! (Original Motion Picture Soundtrack) [Remastered]  ->  Preparati la bara ! (Original Motion Picture Soundtrack)",
  "Private Eyes (Expanded Edition)  ->  Private Eyes",
  "Psychocandy - Expanded Version  ->  Psychocandy",
  "Purple Rain (Deluxe Expanded Edition)  ->  Purple Rain",
  "Quadrophenia (Super Deluxe Edition)  ->  Quadrophenia",
  "Quarter Life Crisis (Deluxe)  ->  Quarter Life Crisis",
  "Rainforest (Deluxe Edition)  ->  Rainforest",
  "Ramones (40th Anniversary Deluxe Edition; 2016 Remaster)  ->  Ramones",
  "Raw Power (50th Anniversary Legacy Edition)  ->  Raw Power",
  "Read My Lips (Deluxe Version)  ->  Read My Lips",
  "rEAGENZ (2021 Remaster)  ->  rEAGENZ",
  "Reckoning - Deluxe Edition  ->  Reckoning",
  "Red Pill Blues (Deluxe)  ->  Red Pill Blues",
  "Reggatta de Blanc (Remastered 2003)  ->  Reggatta de Blanc",
  "Remain In Light (Deluxe Version)  ->  Remain In Light",
  "Revolver (Remastered)  ->  Revolver",
  "Revolver (Super Deluxe)  ->  Revolver",
  "Ricky Sings Again (Expanded Edition / Remastered)  ->  Ricky Sings Again",
  "Ride the Lightning (Deluxe Remaster)  ->  Ride the Lightning",
  "Rids the World of the Evil Curse of the Vampires (Hd Remastered)  ->  Rids the World of the Evil Curse of the Vampires",
  "Rio (Collector's Edition)  ->  Rio",
  "Road To Ruin (40th Anniversary Deluxe Edition)  ->  Road To Ruin",
  "Rocket To Russia (40th Anniversary Deluxe Edition)  ->  Rocket To Russia",
  "Rubber Soul (Remastered 2009)  ->  Rubber Soul",
  "Rum Sodomy & The Lash (Expanded Edition)  ->  Rum Sodomy & The Lash",
  "Rumours (Deluxe Edition)  ->  Rumours",
  "Rumours (Super Deluxe)  ->  Rumours",
  "Sabbath Bloody Sabbath (2014 Remaster)  ->  Sabbath Bloody Sabbath",
  "Salt Lick (Deluxe Edition)  ->  Salt Lick",
  "Sandinista! (Remastered)  ->  Sandinista!",
  "Script Of The Bridge (Remastered)  ->  Script Of The Bridge",
  "Settle (Special Edition)  ->  Settle",
  "Sgt. Pepper's Lonely Hearts Club Band (Remastered)  ->  Sgt. Pepper's Lonely Hearts Club Band",
  "Shake It Up (Expanded Edition)  ->  Shake It Up",
  "She Wolf (Expanded Edition)  ->  She Wolf",
  "Short n' Sweet (Deluxe)  ->  Short n' Sweet",
  "Silk Degrees (2023 Remaster)  ->  Silk Degrees",
  "Sinatra's Swingin' Session!!! And More (Remastered / Expanded Edition)  ->  Sinatra's Swingin' Session!!! And More",
  "Since I Left You (20th Anniversary Deluxe Edition)  ->  Since I Left You",
  "Singles (2016 Remaster)  ->  Singles",
  "Sirens (Deluxe Edition)  ->  Sirens",
  "Smiley Smile (Remastered)  ->  Smiley Smile",
  "So (25th Anniversary Deluxe Edition)  ->  So",
  "Songs From The Big Chair (Super Deluxe Edition)  ->  Songs From The Big Chair",
  "SONIC THE HEDGEHOG CD Original Soundtrack (20th Anniversary Edition)  ->  SONIC THE HEDGEHOG CD Original Soundtrack",
  "Sorry Ma, Forgot to Take Out the Trash (Expanded)  ->  Sorry Ma, Forgot to Take Out the Trash",
  "Sound Mind Sound Body (30th Anniversary Edition)  ->  Sound Mind Sound Body",
  "Sound-Dust (Expanded Edition)  ->  Sound-Dust",
  "Speak and Spell (Deluxe)  ->  Speak and Spell",
  "Speaking In Tongues (Deluxe Version)  ->  Speaking In Tongues",
  "Special Beat Service (Expanded) [2012 Remaster]  ->  Special Beat Service",
  "Special Beat Service (Remastered)  ->  Special Beat Service",
  "Spirit In The Sky (Deluxe Edition)  ->  Spirit In The Sky",
  "Spiritchaser (Remastered)  ->  Spiritchaser",
  "Squawk (2013 Remaster)  ->  Squawk",
  "SremmLife 2 (Deluxe)  ->  SremmLife 2",
  "Sticky Fingers (Remastered)  ->  Sticky Fingers",
  "Still Groovin (2014 Remaster)  ->  Still Groovin",
  "Still Groovin (Remastered)  ->  Still Groovin",
  "Stunt (20th Anniversary Edition)  ->  Stunt",
  "Suicide (2019 - Remaster)  ->  Suicide",
  "Superunknown (20th Anniversary)  ->  Superunknown",
  "Superunknown (Deluxe Edition)  ->  Superunknown",
  "Synchronicity (Remastered 2003)  ->  Synchronicity",
  "Tago Mago (40th Anniversary Edition)  ->  Tago Mago",
  "Take Care (Deluxe)  ->  Take Care",
  "Taking Tiger Mountain (By Strategy) [2004 Remaster]  ->  Taking Tiger Mountain (By Strategy)",
  "Tango in the Night (Deluxe Edition)  ->  Tango in the Night",
  "Taylor Swift (Deluxe Edition)  ->  Taylor Swift",
  "Tea For The Tillerman (Remastered 2020)  ->  Tea For The Tillerman",
  "Teaser And The Firecat (Remastered 2021)  ->  Teaser And The Firecat",
  "Techno Pop (2009 remaster)  ->  Techno Pop",
  "The Beach Boys Today! (Remastered)  ->  The Beach Boys Today!",
  "The Beatles 1967 - 1970 (Remastered)  ->  The Beatles 1967 - 1970",
  "The Clash (Remastered)  ->  The Clash",
  "The Disintegration Loops (Remastered)  ->  The Disintegration Loops",
  "The Downward Spiral (Deluxe Edition)  ->  The Downward Spiral",
  "The Fame Monster (Deluxe Edition)  ->  The Fame Monster",
  "The Game (Deluxe Remastered Version)  ->  The Game",
  "The Idler Wheel Is Wiser Than the Driver of the Screw and Whipping Cords Will Serve You More Than Ropes Will Ever Do (Expanded Edition)  ->  The Idler Wheel Is Wiser Than the Driver of the Screw and Whipping Cords Will Serve You More Than Ropes Will Ever Do",
  "The Inalienable Dreamless (Reissue)  ->  The Inalienable Dreamless",
  "The Incredible Shrinking Dickies (Expanded Version)  ->  The Incredible Shrinking Dickies",
  "The Man-Machine (2009 Remaster)  ->  The Man-Machine",
  "The Name of This Band Is Talking Heads (Expanded 2004 Remaster)  ->  The Name of This Band Is Talking Heads",
  "The Private Press (Expanded Edition)  ->  The Private Press",
  "The Rise and Fall of Ziggy Stardust and the Spiders from Mars (2012 Remaster)  ->  The Rise and Fall of Ziggy Stardust and the Spiders from Mars",
  "The Royal Scam (2025 Remaster)  ->  The Royal Scam",
  "The Shape Of Punk To Come (Deluxe Edition)  ->  The Shape Of Punk To Come",
  "The Sign (Remastered)  ->  The Sign",
  "The Specials (Deluxe Version)  ->  The Specials",
  "The Stooges (50th Anniversary Deluxe Edition) [2019 Remaster]  ->  The Stooges",
  "The Stranger (Legacy Edition)  ->  The Stranger",
  "The Velvet Underground (45th Anniversary / Super Deluxe)  ->  The Velvet Underground",
  "The Velvet Underground (45th Anniversary)  ->  The Velvet Underground",
  "The Velvet Underground & Nico (45th Anniversary / Super Deluxe Edition)  ->  The Velvet Underground & Nico",
  "The Very Best Of Kool & The Gang (Reissue)  ->  The Very Best Of Kool & The Gang",
  "The Wall [2011 - Remaster] (2011 Remastered Version)  ->  The Wall",
  "The Wayward Bus / Distant Plastic Trees (Remastered)  ->  The Wayward Bus / Distant Plastic Trees",
  "There Are But Four Small Faces (Expanded)  ->  There Are But Four Small Faces",
  "This Year's Model (2021 Remaster)  ->  This Year's Model",
  "Three Imaginary Boys (Deluxe Edition)  ->  Three Imaginary Boys",
  "Tim (Expanded)  ->  Tim",
  "Tír Na NÓg (2012 Remaster)  ->  Tír Na NÓg",
  "Tour De France (2009 Remaster)  ->  Tour De France",
  "True (Special Edition)  ->  True",
  "Tusk (Deluxe Edition)  ->  Tusk",
  "Under the Table and Dreaming (Expanded Edition)  ->  Under the Table and Dreaming",
  "Unknown Pleasures (Collector's Edition)  ->  Unknown Pleasures",
  "v2.0 (Deluxe Edition)  ->  v2.0",
  "Victim Of Romance (Expanded Edition)  ->  Victim Of Romance",
  "Violator (2006 Remaster)  ->  Violator",
  "We Insist! Max Roach's Freedom Now Suite (Remastered)  ->  We Insist! Max Roach's Freedom Now Suite",
  "What's Wrong With New York? (Deluxe)  ->  What's Wrong With New York?",
  "Whatever And Ever Amen (Remastered Edition)  ->  Whatever And Ever Amen",
  "Whistle Stop (Remastered 2014)  ->  Whistle Stop",
  "White Light / White Heat (Super Deluxe)  ->  White Light / White Heat",
  "Who Will Cut Our Hair When We're Gone? (Remastered)  ->  Who Will Cut Our Hair When We're Gone?",
  "Who’s Next : Life House (Super Deluxe)  ->  Who’s Next : Life House",
  "Who's Next (Deluxe Edition)  ->  Who's Next",
  "Wild Gift (2019 Remaster)  ->  Wild Gift",
  "Willy And The Poor Boys (Expanded Edition)  ->  Willy And The Poor Boys",
  "WUNNA - Deluxe  ->  WUNNA",
  "XXX (Deluxe Version)  ->  XXX",
  "Yankee Hotel Foxtrot (Expanded Edition)  ->  Yankee Hotel Foxtrot",
  "Yes (Deluxe Edition)  ->  Yes",
  "You Can Always Leave / Companion (Remastered)  ->  You Can Always Leave / Companion",
  "You Will Never Know Why (2021 Remaster)  ->  You Will Never Know Why",
  "Young Americans - 2016 Remaster  ->  Young Americans",
  "Young Americans (2016 Remaster)  ->  Young Americans",
  "Young At Heart (Bonus Tracks)  ->  Young At Heart",
  "Young Team (Deluxe Edition)  ->  Young Team",
  "Zenyatta Mondatta (Remastered 2003)  ->  Zenyatta Mondatta",
]
`;

exports[`cleanTitle — real library corpus > matches a recorded verdict for every default-on track hit 1`] = `
[
  "A National Acrobat - 2013 Remaster  ->  A National Acrobat",
  "Air À Danser - Remastered 2008  ->  Air À Danser",
  "Banstyle / Sappys Curry - Remastered  ->  Banstyle / Sappys Curry",
  "Blue Monday '88 - 2015 Remaster  ->  Blue Monday '88",
  "Blue Moon - 1999 Remastered  ->  Blue Moon",
  "Burning Down the House - 2005 Remaster  ->  Burning Down the House",
  "Close to Me - 2006 Remaster  ->  Close to Me",
  "Colony - 2020 Digital Master  ->  Colony",
  "Cowgirl - Remastered  ->  Cowgirl",
  "Dark & Long - Remastered  ->  Dark & Long",
  "Disorder - 2019 Digital Master  ->  Disorder",
  "Down In A Hole (2022 Remaster)  ->  Down In A Hole",
  "Emma - Remastered 2022  ->  Emma",
  "Enchanted Sky Machines - Remastered  ->  Enchanted Sky Machines",
  "Generals And Majors - 2001 Remaster  ->  Generals And Majors",
  "God Only Knows - Remastered 1996  ->  God Only Knows",
  "Groovin' - 2014 Remaster  ->  Groovin'",
  "Hand of Doom - 2012 - Remaster  ->  Hand of Doom",
  "Heaven Knows I'm Miserable Now - 2011 Remaster  ->  Heaven Knows I'm Miserable Now",
  "I Look Around - 2023 Remaster  ->  I Look Around",
  "In The Back Of A Taxi - 2008 Digital Remaster  ->  In The Back Of A Taxi",
  "Isolation - 2020 Digital Master  ->  Isolation",
  "Love At First Sight - 2001 Remaster  ->  Love At First Sight",
  "M.E. - Remastered  ->  M.E.",
  "Mmm...Skyscraper I Love You - Remastered  ->  Mmm...Skyscraper I Love You",
  "Moon Rocks - 2005 Remaster  ->  Moon Rocks",
  "My Sweet Lord (2014 Remaster)  ->  My Sweet Lord",
  "Never Let You Go - 2008 Remaster  ->  Never Let You Go",
  "Penguin Cafe Single - 2008 Digital Remaster  ->  Penguin Cafe Single",
  "Pictures of You - 2010 Remaster  ->  Pictures of You",
  "Pocket Calculator - 2009 Remaster  ->  Pocket Calculator",
  "Poor Moon - Bonus Track  ->  Poor Moon",
  "Rio - 2001 Remaster  ->  Rio",
  "River Of Bass - Remastered  ->  River Of Bass",
  "Rock and Roll - Remaster  ->  Rock and Roll",
  "Sabbra Cadabra - 2013 Remaster  ->  Sabbra Cadabra",
  "Senses Working Overtime - Remastered 2001  ->  Senses Working Overtime",
  "She's Lost Control - 2019 Digital Master  ->  She's Lost Control",
  "Silver Springs - 2004 Remaster  ->  Silver Springs",
  "Sound and Vision - 2017 Remaster  ->  Sound and Vision",
  "Spoonman - Remastered  ->  Spoonman",
  "Stop Me If You Think You've Heard This One Before - 2011 Remaster  ->  Stop Me If You Think You've Heard This One Before",
  "Street Fighting Man - 50th Anniversary Edition  ->  Street Fighting Man",
  "Surfboy - Remastered  ->  Surfboy",
  "Swingin Party - 2008 Remaster  ->  Swingin Party",
  "The Archetypal Man - Remastered  ->  The Archetypal Man",
  "The Lamb Ran Away With The Crown - Remastered  ->  The Lamb Ran Away With The Crown",
  "Victoria (2019 Remaster)  ->  Victoria",
  "You've Got To Hide Your Love Away - Remastered 2009  ->  You've Got To Hide Your Love Away",
]
`;
